// Jest Snapshot v1, https://goo.gl/fbAQLP

exports[`MovieHome renders correctly 1`] = `ShallowWrapper {}`;
