// Jest Snapshot v1, https://goo.gl/fbAQLP

exports[`ShowsHome renders correctly 1`] = `ShallowWrapper {}`;
